JVM Args:          
Run Args:          "--task", "MERGE_MAPPING", "--left", "/home/mtbarta/minecraft_mods/Mine-And-Slash-Rework/the_harvest/build/neoform/1.20.4-20231207.154220/config/joined.tsrg", "--right", "/home/mtbarta/minecraft_mods/Mine-And-Slash-Rework/the_harvest/.gradle/caches/minecraft/versions/1.20.4/client.txt", "--right-names", "right,left", "--classes", "--fields", "--methods", "--output", "/home/mtbarta/minecraft_mods/Mine-And-Slash-Rework/the_harvest/build/neoForm/neoFormJoined1.20.4-20231207.154220/steps/mergeMappings/output.jar"
JVM:               /usr/lib/jvm/java-17-openjdk-amd64/bin/java
Classpath:         /home/mtbarta/.gradle/caches/modules-2/files-2.1/net.minecraftforge/installertools/1.3.2/216361298c683887c4cf0cc62988b5c3fba713fb/installertools-1.3.2-fatjar.jar
Working Dir:       /home/mtbarta/minecraft_mods/Mine-And-Slash-Rework/the_harvest/build/neoForm/neoFormJoined1.20.4-20231207.154220/steps/mergeMappings
Main Class:        net.minecraftforge.installertools.ConsoleTool
Program log file:  /home/mtbarta/minecraft_mods/Mine-And-Slash-Rework/the_harvest/build/neoForm/neoFormJoined1.20.4-20231207.154220/steps/mergeMappings/log.log
Output file:       /home/mtbarta/minecraft_mods/Mine-And-Slash-Rework/the_harvest/build/neoForm/neoFormJoined1.20.4-20231207.154220/steps/mergeMappings/output.jar
Task: MERGE_MAPPING
Left:    /home/mtbarta/minecraft_mods/Mine-And-Slash-Rework/the_harvest/build/neoform/1.20.4-20231207.154220/config/joined.tsrg
         Reversed=false
         null
Right:   /home/mtbarta/minecraft_mods/Mine-And-Slash-Rework/the_harvest/.gradle/caches/minecraft/versions/1.20.4/client.txt
         Reversed=false
         right,left
Classes: true
Fields:  true
Methods: true
Params:  false
Output:  /home/mtbarta/minecraft_mods/Mine-And-Slash-Rework/the_harvest/build/neoForm/neoFormJoined1.20.4-20231207.154220/steps/mergeMappings/output.jar
