Forge Auto Renaming Tool v2.0.4
lib: /home/mtbarta/minecraft_mods/Mine-And-Slash-Rework/Library-of-Exile-Rework/build/moddev/artifacts/forge-1.20.1-47.3.5.jar
lib: /home/mtbarta/.gradle/caches/modules-2/files-2.1/cpw.mods/securejarhandler/2.1.10/51e6a22c6c716beb11e244bf5b8be480f51dd6b5/securejarhandler-2.1.10.jar
lib: /home/mtbarta/.gradle/caches/modules-2/files-2.1/net.minecraftforge/fmlloader/1.20.1-47.3.5/dc36aaad8320f6c0a0a006ba6dfe8b548c0a0ec/fmlloader-1.20.1-47.3.5.jar
lib: /home/mtbarta/.gradle/caches/modules-2/files-2.1/net.minecraftforge/coremods/5.1.6/62fab3c3d59d37f8e15af311cb638c6f6123423/coremods-5.1.6.jar
lib: /home/mtbarta/.gradle/caches/modules-2/files-2.1/cpw.mods/modlauncher/10.0.9/6d9443f56f50bb85cea383686ff9c867391458b/modlauncher-10.0.9.jar
lib: /home/mtbarta/.gradle/caches/modules-2/files-2.1/org.openjdk.nashorn/nashorn-core/15.3/43977e804697048fc8d81d333a36c17d07a5b3dd/nashorn-core-15.3.jar
lib: /home/mtbarta/.gradle/caches/modules-2/files-2.1/org.ow2.asm/asm-commons/9.7/e86dda4696d3c185fcc95d8d311904e7ce38a53f/asm-commons-9.7.jar
lib: /home/mtbarta/.gradle/caches/modules-2/files-2.1/org.ow2.asm/asm-util/9.7/c0655519f24d92af2202cb681cd7c1569df6ead6/asm-util-9.7.jar
lib: /home/mtbarta/.gradle/caches/modules-2/files-2.1/org.ow2.asm/asm-analysis/9.7/e4a258b7eb96107106c0599f0061cfc1832fe07a/asm-analysis-9.7.jar
lib: /home/mtbarta/.gradle/caches/modules-2/files-2.1/org.ow2.asm/asm-tree/9.7/e446a17b175bfb733b87c5c2560ccb4e57d69f1a/asm-tree-9.7.jar
lib: /home/mtbarta/.gradle/caches/modules-2/files-2.1/org.ow2.asm/asm/9.7/73d7b3086e14beb604ced229c302feff6449723/asm-9.7.jar
lib: /home/mtbarta/.gradle/caches/modules-2/files-2.1/net.minecraftforge/accesstransformers/8.0.4/272d240aa73f42195b2a68e2ebd8b701ecf41f63/accesstransformers-8.0.4.jar
lib: /home/mtbarta/.gradle/caches/modules-2/files-2.1/org.antlr/antlr4/4.9.1/e92af8ab33e428461927b484e90bb155a4f3a052/antlr4-4.9.1.jar
lib: /home/mtbarta/.gradle/caches/modules-2/files-2.1/org.antlr/antlr4-runtime/4.9.1/428664f05d2b7f7b7610204b5aa7c1763f62011a/antlr4-runtime-4.9.1.jar
lib: /home/mtbarta/.gradle/caches/modules-2/files-2.1/net.minecraftforge/fmlcore/1.20.1-47.3.5/cc377ceca3274bd1e429c0da17f73720ce29a4d6/fmlcore-1.20.1-47.3.5.jar
lib: /home/mtbarta/.gradle/caches/modules-2/files-2.1/net.minecraftforge/eventbus/6.0.5/699143dd438431d06b57416944f7cedbe52e1475/eventbus-6.0.5.jar
lib: /home/mtbarta/.gradle/caches/modules-2/files-2.1/net.minecraftforge/forgespi/7.0.1/3b4972a0cdb135853dba219be61a79b22cff1309/forgespi-7.0.1.jar
lib: /home/mtbarta/.gradle/caches/modules-2/files-2.1/net.minecraftforge/unsafe/0.2.0/54d7a0a5e8fdb71b973025caa46f341ae5904f39/unsafe-0.2.0.jar
lib: /home/mtbarta/.gradle/caches/modules-2/files-2.1/net.minecraftforge/mergetool/1.1.7/fe2225c1a7834ee20d5a1e2630bcca798367d962/mergetool-1.1.7.jar
lib: /home/mtbarta/.gradle/caches/modules-2/files-2.1/net.minecraftforge/mergetool/1.1.7/aa7c6d9d187d585a8a215c288d65b0038be80b2a/mergetool-1.1.7-api.jar
lib: /home/mtbarta/.gradle/caches/modules-2/files-2.1/com.electronwill.night-config/toml/3.6.4/51d6cefb2b55ee55ee26b16391212fb2c7dfb4f4/toml-3.6.4.jar
lib: /home/mtbarta/.gradle/caches/modules-2/files-2.1/com.electronwill.night-config/core/3.6.4/510f174abbf1c947494db50ef2445683bd52c230/core-3.6.4.jar
lib: /home/mtbarta/.gradle/caches/modules-2/files-2.1/net.minecraftforge/JarJarSelector/0.3.19/376cc9c8ea60720cf027c01fc033de915699801c/JarJarSelector-0.3.19.jar
lib: /home/mtbarta/.gradle/caches/modules-2/files-2.1/net.minecraftforge/JarJarMetadata/0.3.19/83feaa9b770e6ac0e96ee4fc23fa89325c5fe2/JarJarMetadata-0.3.19.jar
lib: /home/mtbarta/.gradle/caches/modules-2/files-2.1/org.apache.maven/maven-artifact/3.8.5/4433f50c07debefaed0553bd0068f4f48d449313/maven-artifact-3.8.5.jar
lib: /home/mtbarta/.gradle/caches/modules-2/files-2.1/net.jodah/typetools/0.6.3/a01aaa6ddaea9ec07ec4f209487b7a46a526283a/typetools-0.6.3.jar
lib: /home/mtbarta/.gradle/caches/modules-2/files-2.1/net.minecrell/terminalconsoleappender/1.2.0/96d02cd3b384ff015a8fef4223bcb4ccf1717c95/terminalconsoleappender-1.2.0.jar
lib: /home/mtbarta/.gradle/caches/modules-2/files-2.1/org.jline/jline-reader/3.12.1/4382ab1382c7b6f379377ed5f665dc2f6e1218bc/jline-reader-3.12.1.jar
lib: /home/mtbarta/.gradle/caches/modules-2/files-2.1/org.jline/jline-terminal/3.12.1/c777448314e050d980a6b697c140f3bfe9eb7416/jline-terminal-3.12.1.jar
lib: /home/mtbarta/.gradle/caches/modules-2/files-2.1/org.spongepowered/mixin/0.8.5/9d1c0c3a304ae6697ecd477218fa61b850bf57fc/mixin-0.8.5.jar
lib: /home/mtbarta/.gradle/caches/modules-2/files-2.1/cpw.mods/bootstraplauncher/1.1.2/c546e00443d8432cda6baa1c860346980742628/bootstraplauncher-1.1.2.jar
lib: /home/mtbarta/.gradle/caches/modules-2/files-2.1/net.minecraftforge/JarJarFileSystems/0.3.19/2464eb7d6b9ddb9db36a82cf8a95193e5c6fe020/JarJarFileSystems-0.3.19.jar
lib: /home/mtbarta/.gradle/caches/modules-2/files-2.1/net.minecraftforge/fmlearlydisplay/1.20.1-47.3.5/26dd5e9a33fb4938a189b2766b8d5f1daec1ab48/fmlearlydisplay-1.20.1-47.3.5.jar
lib: /home/mtbarta/.gradle/caches/modules-2/files-2.1/net.minecraftforge/javafmllanguage/1.20.1-47.3.5/4c589c051ef533f8898fb5d83514d4186faa0eeb/javafmllanguage-1.20.1-47.3.5.jar
lib: /home/mtbarta/.gradle/caches/modules-2/files-2.1/net.minecraftforge/lowcodelanguage/1.20.1-47.3.5/8251eee89645828a05f3b04f5df8945baa0743c4/lowcodelanguage-1.20.1-47.3.5.jar
lib: /home/mtbarta/.gradle/caches/modules-2/files-2.1/net.minecraftforge/mclanguage/1.20.1-47.3.5/53971d6fe08ae7ce74a72fa7d14a82de70a8bd1/mclanguage-1.20.1-47.3.5.jar
lib: /home/mtbarta/.gradle/caches/modules-2/files-2.1/org.codehaus.plexus/plexus-utils/3.3.0/cf43b5391de623b36fe066a21127baef82c64022/plexus-utils-3.3.0.jar
lib: /home/mtbarta/.gradle/caches/modules-2/files-2.1/org.apache.commons/commons-lang3/3.12.0/c6842c86792ff03b9f1d1fe2aab8dc23aa6c6f0e/commons-lang3-3.12.0.jar
lib: /home/mtbarta/.gradle/caches/modules-2/files-2.1/org.apache.logging.log4j/log4j-core/2.8.1/4ac28ff2f1ddf05dae3043a190451e8c46b73c31/log4j-core-2.8.1.jar
lib: /home/mtbarta/.gradle/caches/modules-2/files-2.1/com.google.code.gson/gson/2.10/dd9b193aef96e973d5a11ab13cd17430c2e4306b/gson-2.10.jar
lib: /home/mtbarta/.gradle/caches/modules-2/files-2.1/com.google.guava/guava/31.1-jre/60458f877d055d0c9114d9e1a2efb737b4bc282c/guava-31.1-jre.jar
lib: /home/mtbarta/.gradle/caches/modules-2/files-2.1/com.machinezoo.noexception/noexception/1.7.1/b65330c98e38a1f915fa54a6e5eca496505e3f0a/noexception-1.7.1.jar
lib: /home/mtbarta/.gradle/caches/modules-2/files-2.1/org.slf4j/slf4j-api/1.8.0-beta4/83b0359d847ee053d745be7ec0d8e9e8a44304b4/slf4j-api-1.8.0-beta4.jar
lib: /home/mtbarta/.gradle/caches/modules-2/files-2.1/org.apache.logging.log4j/log4j-api/2.19.0/ea1b37f38c327596b216542bc636cfdc0b8036fa/log4j-api-2.19.0.jar
lib: /home/mtbarta/.gradle/caches/modules-2/files-2.1/com.mojang/logging/1.1.1/832b8e6674a9b325a5175a3a6267dfaf34c85139/logging-1.1.1.jar
lib: /home/mtbarta/.gradle/caches/modules-2/files-2.1/com.google.code.findbugs/jsr305/3.0.2/25ea2e8b0c338a877313bd4672d3fe056ea78f0d/jsr305-3.0.2.jar
lib: /home/mtbarta/.gradle/caches/modules-2/files-2.1/ca.weblite/java-objc-bridge/1.1/1227f9e0666314f9de41477e3ec277e542ed7f7b/java-objc-bridge-1.1.jar
lib: /home/mtbarta/.gradle/caches/modules-2/files-2.1/org.jetbrains/annotations/24.0.1/13c5c75c4206580aa4d683bffee658caae6c9f43/annotations-24.0.1.jar
lib: /home/mtbarta/.gradle/caches/modules-2/files-2.1/com.github.oshi/oshi-core/6.2.2/54f5efc19bca95d709d9a37d19ffcbba3d21c1a6/oshi-core-6.2.2.jar
lib: /home/mtbarta/.gradle/caches/modules-2/files-2.1/com.google.guava/failureaccess/1.0.1/1dcf1de382a0bf95a3d8b0849546c88bac1292c9/failureaccess-1.0.1.jar
lib: /home/mtbarta/.gradle/caches/modules-2/files-2.1/com.ibm.icu/icu4j/61.1/28d33b5e44e72edcc66a5da7a34a42147f38d987/icu4j-61.1.jar
lib: /home/mtbarta/.gradle/caches/modules-2/files-2.1/com.mojang/authlib/4.0.43/2ff9d747a77570a07a60d32ac77eb6162ad2a2d9/authlib-4.0.43.jar
lib: /home/mtbarta/.gradle/caches/modules-2/files-2.1/com.mojang/blocklist/1.0.10/5c685c5ffa94c4cd39496c7184c1d122e515ecef/blocklist-1.0.10.jar
lib: /home/mtbarta/.gradle/caches/modules-2/files-2.1/com.mojang/brigadier/1.1.8/5244ce82c3337bba4a196a3ce858bfaecc74404a/brigadier-1.1.8.jar
lib: /home/mtbarta/.gradle/caches/modules-2/files-2.1/com.mojang/datafixerupper/6.0.8/3ba4a30557a9b057760af4011f909ba619fc5125/datafixerupper-6.0.8.jar
lib: /home/mtbarta/.gradle/caches/modules-2/files-2.1/com.mojang/patchy/2.2.10/da05971b07cbb379d002cf7eaec6a2048211fefc/patchy-2.2.10.jar
lib: /home/mtbarta/.gradle/caches/modules-2/files-2.1/com.mojang/text2speech/1.17.9/3cad216e3a7f0c19b4b394388bc9ffc446f13b14/text2speech-1.17.9.jar
lib: /home/mtbarta/.gradle/caches/modules-2/files-2.1/commons-codec/commons-codec/1.15/49d94806b6e3dc933dacbd8acb0fdbab8ebd1e5d/commons-codec-1.15.jar
lib: /home/mtbarta/.gradle/caches/modules-2/files-2.1/commons-io/commons-io/2.11.0/a2503f302b11ebde7ebc3df41daebe0e4eea3689/commons-io-2.11.0.jar
lib: /home/mtbarta/.gradle/caches/modules-2/files-2.1/commons-logging/commons-logging/1.2/4bfc12adfe4842bf07b657f0369c4cb522955686/commons-logging-1.2.jar
lib: /home/mtbarta/.gradle/caches/modules-2/files-2.1/io.netty/netty-buffer/4.1.82.Final/a544270cf1ae8b8077082f5036436a9a9971ea71/netty-buffer-4.1.82.Final.jar
lib: /home/mtbarta/.gradle/caches/modules-2/files-2.1/io.netty/netty-codec/4.1.82.Final/b77200379acb345a9ffdece1c605e591ac3e4e0a/netty-codec-4.1.82.Final.jar
lib: /home/mtbarta/.gradle/caches/modules-2/files-2.1/io.netty/netty-common/4.1.82.Final/22d148e85c3f5ebdacc0ce1f5aabb1d420f73f3/netty-common-4.1.82.Final.jar
lib: /home/mtbarta/.gradle/caches/modules-2/files-2.1/io.netty/netty-handler/4.1.82.Final/644041d1fa96a5d3130a29e8978630d716d76e38/netty-handler-4.1.82.Final.jar
lib: /home/mtbarta/.gradle/caches/modules-2/files-2.1/io.netty/netty-resolver/4.1.82.Final/38f665ae8dcd29032eea31245ba7806bed2e0fa8/netty-resolver-4.1.82.Final.jar
lib: /home/mtbarta/.gradle/caches/modules-2/files-2.1/io.netty/netty-transport-classes-epoll/4.1.82.Final/e7c7dd18deac93105797f30057c912651ea76521/netty-transport-classes-epoll-4.1.82.Final.jar
lib: /home/mtbarta/.gradle/caches/modules-2/files-2.1/io.netty/netty-transport-native-unix-common/4.1.82.Final/3e895b35ca1b8a0eca56cacff4c2dde5d2c6abce/netty-transport-native-unix-common-4.1.82.Final.jar
lib: /home/mtbarta/.gradle/caches/modules-2/files-2.1/io.netty/netty-transport/4.1.82.Final/e431a218d91acb6476ccad5f5aafde50aa3945ca/netty-transport-4.1.82.Final.jar
lib: /home/mtbarta/.gradle/caches/modules-2/files-2.1/it.unimi.dsi/fastutil/8.5.9/bb7ea75ecdb216654237830b3a96d87ad91f8cc5/fastutil-8.5.9.jar
lib: /home/mtbarta/.gradle/caches/modules-2/files-2.1/net.java.dev.jna/jna-platform/5.12.1/97406a297c852f4a41e688a176ec675f72e8329/jna-platform-5.12.1.jar
lib: /home/mtbarta/.gradle/caches/modules-2/files-2.1/net.java.dev.jna/jna/5.10.0/7cf4c87dd802db50721db66947aa237d7ad09418/jna-5.10.0.jar
lib: /home/mtbarta/.gradle/caches/modules-2/files-2.1/net.sf.jopt-simple/jopt-simple/5.0.4/4fdac2fbe92dfad86aa6e9301736f6b4342a3f5c/jopt-simple-5.0.4.jar
lib: /home/mtbarta/.gradle/caches/modules-2/files-2.1/org.apache.commons/commons-compress/1.21/4ec95b60d4e86b5c95a0e919cb172a0af98011ef/commons-compress-1.21.jar
lib: /home/mtbarta/.gradle/caches/modules-2/files-2.1/org.apache.httpcomponents/httpclient/4.5.13/e5f6cae5ca7ecaac1ec2827a9e2d65ae2869cada/httpclient-4.5.13.jar
lib: /home/mtbarta/.gradle/caches/modules-2/files-2.1/org.apache.httpcomponents/httpcore/4.4.15/7f2e0c573eaa7a74bac2e89b359e1f73d92a0a1d/httpcore-4.4.15.jar
lib: /home/mtbarta/.gradle/caches/modules-2/files-2.1/org.apache.logging.log4j/log4j-slf4j2-impl/2.19.0/5c04bfdd63ce9dceb2e284b81e96b6a70010ee10/log4j-slf4j2-impl-2.19.0.jar
lib: /home/mtbarta/.gradle/caches/modules-2/files-2.1/org.joml/joml/1.10.5/22566d58af70ad3d72308bab63b8339906deb649/joml-1.10.5.jar
lib: /home/mtbarta/.gradle/caches/modules-2/files-2.1/org.lwjgl/lwjgl-glfw/3.3.1/cbac1b8d30cb4795149c1ef540f912671a8616d0/lwjgl-glfw-3.3.1.jar
lib: /home/mtbarta/.gradle/caches/modules-2/files-2.1/org.lwjgl/lwjgl-jemalloc/3.3.1/a817bcf213db49f710603677457567c37d53e103/lwjgl-jemalloc-3.3.1.jar
lib: /home/mtbarta/.gradle/caches/modules-2/files-2.1/org.lwjgl/lwjgl-openal/3.3.1/2623a6b8ae1dfcd880738656a9f0243d2e6840bd/lwjgl-openal-3.3.1.jar
lib: /home/mtbarta/.gradle/caches/modules-2/files-2.1/org.lwjgl/lwjgl-opengl/3.3.1/831a5533a21a5f4f81bbc51bb13e9899319b5411/lwjgl-opengl-3.3.1.jar
lib: /home/mtbarta/.gradle/caches/modules-2/files-2.1/org.lwjgl/lwjgl-stb/3.3.1/b119297cf8ed01f247abe8685857f8e7fcf5980f/lwjgl-stb-3.3.1.jar
lib: /home/mtbarta/.gradle/caches/modules-2/files-2.1/org.lwjgl/lwjgl-tinyfd/3.3.1/ff1914111ef2e3e0110ef2dabc8d8cdaad82347/lwjgl-tinyfd-3.3.1.jar
lib: /home/mtbarta/.gradle/caches/modules-2/files-2.1/org.lwjgl/lwjgl/3.3.1/ae58664f88e18a9bb2c77b063833ca7aaec484cb/lwjgl-3.3.1.jar
lib: /home/mtbarta/.gradle/caches/modules-2/files-2.1/org.antlr/ST4/4.3/92f2c1ad8d84abcbeead6cf7f2c53a04166293c2/ST4-4.3.jar
lib: /home/mtbarta/.gradle/caches/modules-2/files-2.1/org.antlr/antlr-runtime/3.5.2/cd9cd41361c155f3af0f653009dcecb08d8b4afd/antlr-runtime-3.5.2.jar
lib: /home/mtbarta/.gradle/caches/modules-2/files-2.1/org.abego.treelayout/org.abego.treelayout.core/1.0.3/457216e8e6578099ae63667bb1e4439235892028/org.abego.treelayout.core-1.0.3.jar
lib: /home/mtbarta/.gradle/caches/modules-2/files-2.1/org.glassfish/javax.json/1.0.4/3178f73569fd7a1e5ffc464e680f7a8cc784b85a/javax.json-1.0.4.jar
lib: /home/mtbarta/.gradle/caches/modules-2/files-2.1/com.google.guava/listenablefuture/9999.0-empty-to-avoid-conflict-with-guava/b421526c5f297295adef1c886e5246c39d4ac629/listenablefuture-9999.0-empty-to-avoid-conflict-with-guava.jar
lib: /home/mtbarta/.gradle/caches/modules-2/files-2.1/org.checkerframework/checker-qual/3.12.0/d5692f0526415fcc6de94bb5bfbd3afd9dd3b3e5/checker-qual-3.12.0.jar
lib: /home/mtbarta/.gradle/caches/modules-2/files-2.1/com.google.errorprone/error_prone_annotations/2.11.0/c5a0ace696d3f8b1c1d8cc036d8c03cc0cbe6b69/error_prone_annotations-2.11.0.jar
lib: /home/mtbarta/.gradle/caches/modules-2/files-2.1/com.google.j2objc/j2objc-annotations/1.3/ba035118bc8bac37d7eff77700720999acd9986d/j2objc-annotations-1.3.jar
log: null
input: /home/mtbarta/minecraft_mods/Mine-And-Slash-Rework/Library-of-Exile-Rework/build/devlibs/Library_of_Exile-1.20.1-2.1.5.jar
output: /home/mtbarta/minecraft_mods/Mine-And-Slash-Rework/Library-of-Exile-Rework/build/libs/Library_of_Exile-1.20.1-2.1.5.jar
threads: 16
Names: /home/mtbarta/minecraft_mods/Mine-And-Slash-Rework/Library-of-Exile-Rework/build/moddev/artifacts/namedToIntermediate.tsrg, /home/mtbarta/minecraft_mods/Mine-And-Slash-Rework/Library-of-Exile-Rework/build/mixin/library_of_exile.refmap.json.mappings.tsrg(reversed: false)
Fix Annotations: false
Unfinal Parameters: false
Fix Records: false
Fix Identifiers: false
Fix SourceFile: false
Fix Line Numbers: false
Strip codesigning signatures: ALL
Adding Libraries to Inheritance
Reading Input: /home/mtbarta/minecraft_mods/Mine-And-Slash-Rework/Library-of-Exile-Rework/build/devlibs/Library_of_Exile-1.20.1-2.1.5.jar
Adding input to inheritance map
Processing entries
Conflicting propagated mapping for net/minecraft/world/entity/LivingEntity/lambda$addAdditionalSaveData$3(Lnet/minecraft/nbt/CompoundTag;Lnet/minecraft/nbt/Tag;)V from net/minecraft/world/entity/player/Player/lambda$addAdditionalSaveData$3(Lnet/minecraft/nbt/CompoundTag;Lnet/minecraft/nbt/Tag;)V: lambda$addAdditionalSaveData$3 -> m_219754_
Conflicting propagated mapping for com/robertx22/library_of_exile/gui/HelpButton/render(Lnet/minecraft/client/gui/GuiGraphics;IIF)V from net/minecraft/client/gui/components/AbstractWidget/render(Lnet/minecraft/client/gui/GuiGraphics;IIF)V: render -> m_88315_
Conflicting propagated mapping for com/robertx22/library_of_exile/dimension/MapChunkGenerator/codec()Lcom/mojang/serialization/Codec; from net/minecraft/world/level/chunk/ChunkGenerator/codec()Lcom/mojang/serialization/Codec;: codec -> m_6909_
Conflicting propagated mapping for com/robertx22/library_of_exile/dimension/MapChunkGenerator/spawnOriginalMobs(Lnet/minecraft/server/level/WorldGenRegion;)V from net/minecraft/world/level/chunk/ChunkGenerator/spawnOriginalMobs(Lnet/minecraft/server/level/WorldGenRegion;)V: spawnOriginalMobs -> m_6929_
Conflicting propagated mapping for com/robertx22/library_of_exile/dimension/MapChunkGenerator/getBaseColumn(IILnet/minecraft/world/level/LevelHeightAccessor;Lnet/minecraft/world/level/levelgen/RandomState;)Lnet/minecraft/world/level/NoiseColumn; from net/minecraft/world/level/chunk/ChunkGenerator/getBaseColumn(IILnet/minecraft/world/level/LevelHeightAccessor;Lnet/minecraft/world/level/levelgen/RandomState;)Lnet/minecraft/world/level/NoiseColumn;: getBaseColumn -> m_214184_
Conflicting propagated mapping for com/robertx22/library_of_exile/dimension/MapChunkGenerator/fillFromNoise(Ljava/util/concurrent/Executor;Lnet/minecraft/world/level/levelgen/blending/Blender;Lnet/minecraft/world/level/levelgen/RandomState;Lnet/minecraft/world/level/StructureManager;Lnet/minecraft/world/level/chunk/ChunkAccess;)Ljava/util/concurrent/CompletableFuture; from net/minecraft/world/level/chunk/ChunkGenerator/fillFromNoise(Ljava/util/concurrent/Executor;Lnet/minecraft/world/level/levelgen/blending/Blender;Lnet/minecraft/world/level/levelgen/RandomState;Lnet/minecraft/world/level/StructureManager;Lnet/minecraft/world/level/chunk/ChunkAccess;)Ljava/util/concurrent/CompletableFuture;: fillFromNoise -> m_213974_
Conflicting propagated mapping for com/robertx22/library_of_exile/dimension/MapChunkGenerator/applyCarvers(Lnet/minecraft/server/level/WorldGenRegion;JLnet/minecraft/world/level/levelgen/RandomState;Lnet/minecraft/world/level/biome/BiomeManager;Lnet/minecraft/world/level/StructureManager;Lnet/minecraft/world/level/chunk/ChunkAccess;Lnet/minecraft/world/level/levelgen/GenerationStep$Carving;)V from net/minecraft/world/level/chunk/ChunkGenerator/applyCarvers(Lnet/minecraft/server/level/WorldGenRegion;JLnet/minecraft/world/level/levelgen/RandomState;Lnet/minecraft/world/level/biome/BiomeManager;Lnet/minecraft/world/level/StructureManager;Lnet/minecraft/world/level/chunk/ChunkAccess;Lnet/minecraft/world/level/levelgen/GenerationStep$Carving;)V: applyCarvers -> m_213679_
Conflicting propagated mapping for com/robertx22/library_of_exile/dimension/MapChunkGenerator/getMinY()I from net/minecraft/world/level/chunk/ChunkGenerator/getMinY()I: getMinY -> m_142062_
Conflicting propagated mapping for com/robertx22/library_of_exile/dimension/MapChunkGenerator/createStructures(Lnet/minecraft/core/RegistryAccess;Lnet/minecraft/world/level/chunk/ChunkGeneratorStructureState;Lnet/minecraft/world/level/StructureManager;Lnet/minecraft/world/level/chunk/ChunkAccess;Lnet/minecraft/world/level/levelgen/structure/templatesystem/StructureTemplateManager;)V from net/minecraft/world/level/chunk/ChunkGenerator/createStructures(Lnet/minecraft/core/RegistryAccess;Lnet/minecraft/world/level/chunk/ChunkGeneratorStructureState;Lnet/minecraft/world/level/StructureManager;Lnet/minecraft/world/level/chunk/ChunkAccess;Lnet/minecraft/world/level/levelgen/structure/templatesystem/StructureTemplateManager;)V: createStructures -> m_255037_
Conflicting propagated mapping for com/robertx22/library_of_exile/dimension/MapChunkGenerator/getSeaLevel()I from net/minecraft/world/level/chunk/ChunkGenerator/getSeaLevel()I: getSeaLevel -> m_6337_
Conflicting propagated mapping for com/robertx22/library_of_exile/dimension/MapChunkGenerator/addDebugScreenInfo(Ljava/util/List;Lnet/minecraft/world/level/levelgen/RandomState;Lnet/minecraft/core/BlockPos;)V from net/minecraft/world/level/chunk/ChunkGenerator/addDebugScreenInfo(Ljava/util/List;Lnet/minecraft/world/level/levelgen/RandomState;Lnet/minecraft/core/BlockPos;)V: addDebugScreenInfo -> m_213600_
Conflicting propagated mapping for com/robertx22/library_of_exile/dimension/MapChunkGenerator/buildSurface(Lnet/minecraft/server/level/WorldGenRegion;Lnet/minecraft/world/level/StructureManager;Lnet/minecraft/world/level/levelgen/RandomState;Lnet/minecraft/world/level/chunk/ChunkAccess;)V from net/minecraft/world/level/chunk/ChunkGenerator/buildSurface(Lnet/minecraft/server/level/WorldGenRegion;Lnet/minecraft/world/level/StructureManager;Lnet/minecraft/world/level/levelgen/RandomState;Lnet/minecraft/world/level/chunk/ChunkAccess;)V: buildSurface -> m_214194_
Conflicting propagated mapping for com/robertx22/library_of_exile/dimension/MapChunkGenerator/getGenDepth()I from net/minecraft/world/level/chunk/ChunkGenerator/getGenDepth()I: getGenDepth -> m_6331_
Conflicting propagated mapping for com/robertx22/library_of_exile/dimension/MapChunkGenerator/getBaseHeight(IILnet/minecraft/world/level/levelgen/Heightmap$Types;Lnet/minecraft/world/level/LevelHeightAccessor;Lnet/minecraft/world/level/levelgen/RandomState;)I from net/minecraft/world/level/chunk/ChunkGenerator/getBaseHeight(IILnet/minecraft/world/level/levelgen/Heightmap$Types;Lnet/minecraft/world/level/LevelHeightAccessor;Lnet/minecraft/world/level/levelgen/RandomState;)I: getBaseHeight -> m_214096_
Conflicting propagated mapping for com/robertx22/library_of_exile/gui/ItemSlotButton/render(Lnet/minecraft/client/gui/GuiGraphics;IIF)V from net/minecraft/client/gui/components/AbstractWidget/render(Lnet/minecraft/client/gui/GuiGraphics;IIF)V: render -> m_88315_
Conflicting propagated mapping for com/robertx22/library_of_exile/dimension/DefaultTeleportBackBlock/use(Lnet/minecraft/world/level/block/state/BlockState;Lnet/minecraft/world/level/Level;Lnet/minecraft/core/BlockPos;Lnet/minecraft/world/entity/player/Player;Lnet/minecraft/world/InteractionHand;Lnet/minecraft/world/phys/BlockHitResult;)Lnet/minecraft/world/InteractionResult; from net/minecraft/world/level/block/state/BlockBehaviour/use(Lnet/minecraft/world/level/block/state/BlockState;Lnet/minecraft/world/level/Level;Lnet/minecraft/core/BlockPos;Lnet/minecraft/world/entity/player/Player;Lnet/minecraft/world/InteractionHand;Lnet/minecraft/world/phys/BlockHitResult;)Lnet/minecraft/world/InteractionResult;: use -> m_6227_
Conflicting propagated mapping for com/robertx22/library_of_exile/registry/ExileDatapackGenerator/run(Lnet/minecraft/data/CachedOutput;)Ljava/util/concurrent/CompletableFuture; from net/minecraft/data/DataProvider/run(Lnet/minecraft/data/CachedOutput;)Ljava/util/concurrent/CompletableFuture;: run -> m_213708_
Conflicting propagated mapping for com/robertx22/library_of_exile/registry/ExileDatapackGenerator/getName()Ljava/lang/String; from net/minecraft/data/DataProvider/getName()Ljava/lang/String;: getName -> m_6055_
Conflicting propagated mapping for com/robertx22/library_of_exile/registry/loaders/BaseDataPackLoader/prepare(Lnet/minecraft/server/packs/resources/ResourceManager;Lnet/minecraft/util/profiling/ProfilerFiller;)Ljava/lang/Object; from net/minecraft/server/packs/resources/SimpleJsonResourceReloadListener/prepare(Lnet/minecraft/server/packs/resources/ResourceManager;Lnet/minecraft/util/profiling/ProfilerFiller;)Ljava/lang/Object;: prepare -> m_5944_
Conflicting propagated mapping for com/robertx22/library_of_exile/registry/loaders/BaseDataPackLoader/prepare(Lnet/minecraft/server/packs/resources/ResourceManager;Lnet/minecraft/util/profiling/ProfilerFiller;)Ljava/util/Map; from net/minecraft/server/packs/resources/SimpleJsonResourceReloadListener/prepare(Lnet/minecraft/server/packs/resources/ResourceManager;Lnet/minecraft/util/profiling/ProfilerFiller;)Ljava/util/Map;: prepare -> m_5944_
Conflicting propagated mapping for com/robertx22/library_of_exile/registry/loaders/BaseDataPackLoader/apply(Ljava/lang/Object;Lnet/minecraft/server/packs/resources/ResourceManager;Lnet/minecraft/util/profiling/ProfilerFiller;)V from net/minecraft/server/packs/resources/SimplePreparableReloadListener/apply(Ljava/lang/Object;Lnet/minecraft/server/packs/resources/ResourceManager;Lnet/minecraft/util/profiling/ProfilerFiller;)V: apply -> m_5787_
Conflicting propagated mapping for com/robertx22/library_of_exile/entries/TeleportBackBlock/use(Lnet/minecraft/world/level/block/state/BlockState;Lnet/minecraft/world/level/Level;Lnet/minecraft/core/BlockPos;Lnet/minecraft/world/entity/player/Player;Lnet/minecraft/world/InteractionHand;Lnet/minecraft/world/phys/BlockHitResult;)Lnet/minecraft/world/InteractionResult; from net/minecraft/world/level/block/state/BlockBehaviour/use(Lnet/minecraft/world/level/block/state/BlockState;Lnet/minecraft/world/level/Level;Lnet/minecraft/core/BlockPos;Lnet/minecraft/world/entity/player/Player;Lnet/minecraft/world/InteractionHand;Lnet/minecraft/world/phys/BlockHitResult;)Lnet/minecraft/world/InteractionResult;: use -> m_6227_
Conflicting propagated mapping for com/robertx22/library_of_exile/config/map_dimension/MapWorldBorder/getDistanceToBorder(Lnet/minecraft/world/entity/Entity;)D from net/minecraft/world/level/border/WorldBorder/getDistanceToBorder(Lnet/minecraft/world/entity/Entity;)D: getDistanceToBorder -> m_61925_
Conflicting propagated mapping for com/robertx22/library_of_exile/config/map_dimension/MapWorldBorder/isWithinBounds(DD)Z from net/minecraft/world/level/border/WorldBorder/isWithinBounds(DD)Z: isWithinBounds -> m_156093_
Conflicting propagated mapping for com/robertx22/library_of_exile/config/map_dimension/MapWorldBorder/isWithinBounds(Lnet/minecraft/core/BlockPos;)Z from net/minecraft/world/level/border/WorldBorder/isWithinBounds(Lnet/minecraft/core/BlockPos;)Z: isWithinBounds -> m_61937_
Conflicting propagated mapping for com/robertx22/library_of_exile/config/map_dimension/MapWorldBorder/isWithinBounds(DDD)Z from net/minecraft/world/level/border/WorldBorder/isWithinBounds(DDD)Z: isWithinBounds -> m_187562_
Conflicting propagated mapping for com/robertx22/library_of_exile/config/map_dimension/MapWorldBorder/isWithinBounds(Lnet/minecraft/world/level/ChunkPos;)Z from net/minecraft/world/level/border/WorldBorder/isWithinBounds(Lnet/minecraft/world/level/ChunkPos;)Z: isWithinBounds -> m_61927_
Conflicting propagated mapping for com/robertx22/library_of_exile/config/map_dimension/MapWorldBorder/getDamagePerBlock()D from net/minecraft/world/level/border/WorldBorder/getDamagePerBlock()D: getDamagePerBlock -> m_61965_
Conflicting propagated mapping for com/robertx22/library_of_exile/config/map_dimension/MapGameRules/getInt(Lnet/minecraft/world/level/GameRules$Key;)I from net/minecraft/world/level/GameRules/getInt(Lnet/minecraft/world/level/GameRules$Key;)I: getInt -> m_46215_
Conflicting propagated mapping for com/robertx22/library_of_exile/config/map_dimension/MapGameRules/getBoolean(Lnet/minecraft/world/level/GameRules$Key;)Z from net/minecraft/world/level/GameRules/getBoolean(Lnet/minecraft/world/level/GameRules$Key;)Z: getBoolean -> m_46207_
Conflicting propagated mapping for com/robertx22/library_of_exile/main/LibDataGen/run(Lnet/minecraft/data/CachedOutput;)Ljava/util/concurrent/CompletableFuture; from net/minecraft/data/DataProvider/run(Lnet/minecraft/data/CachedOutput;)Ljava/util/concurrent/CompletableFuture;: run -> m_213708_
Conflicting propagated mapping for com/robertx22/library_of_exile/main/LibDataGen/getName()Ljava/lang/String; from net/minecraft/data/DataProvider/getName()Ljava/lang/String;: getName -> m_6055_
Conflicting propagated mapping for com/robertx22/library_of_exile/main/CommonInit$1/accept(Lnet/minecraft/world/item/CreativeModeTab$ItemDisplayParameters;Lnet/minecraft/world/item/CreativeModeTab$Output;)V from net/minecraft/world/item/CreativeModeTab$DisplayItemsGenerator/accept(Lnet/minecraft/world/item/CreativeModeTab$ItemDisplayParameters;Lnet/minecraft/world/item/CreativeModeTab$Output;)V: accept -> m_257865_
Adding extras
Sorting
Writing Output: /home/mtbarta/minecraft_mods/Mine-And-Slash-Rework/Library-of-Exile-Rework/build/libs/Library_of_Exile-1.20.1-2.1.5.jar
  META-INF/
  META-INF/MANIFEST.MF
  META-INF/mods.toml
  assets/
  assets/library_of_exile/
  assets/library_of_exile/blockstates/
  assets/library_of_exile/blockstates/invis_data_block.json
  assets/library_of_exile/blockstates/teleport_back.json
  assets/library_of_exile/lang/
  assets/library_of_exile/lang/en_us.json
  assets/library_of_exile/lang/zh_cn.json
  assets/library_of_exile/models/
  assets/library_of_exile/models/block/
  assets/library_of_exile/models/block/invis_data_block.json
  assets/library_of_exile/models/block/teleport_back.json
  assets/library_of_exile/models/item/
  assets/library_of_exile/models/item/legendary_enchant_tool.json
  assets/library_of_exile/textures/
  assets/library_of_exile/textures/block/
  assets/library_of_exile/textures/block/safe_portal.png
  assets/library_of_exile/textures/block/safe_portal.png.mcmeta
  assets/library_of_exile/textures/gui/
  assets/library_of_exile/textures/gui/pretty_icon_border.png
  assets/library_of_exile/textures/gui/spell_help.png
  assets/library_of_exile/textures/item/
  assets/library_of_exile/textures/item/legendary_enchant_tool.png
  com/
  com/robertx22/
  com/robertx22/library_of_exile/
  com/robertx22/library_of_exile/MixinConnector.class
  com/robertx22/library_of_exile/command_wrapper/
  com/robertx22/library_of_exile/command_wrapper/ArgumentWrapper$1.class
  com/robertx22/library_of_exile/command_wrapper/ArgumentWrapper.class
  com/robertx22/library_of_exile/command_wrapper/CommandBuilder.class
  com/robertx22/library_of_exile/command_wrapper/CommandSuggestions.class
  com/robertx22/library_of_exile/command_wrapper/EntityWrapper.class
  com/robertx22/library_of_exile/command_wrapper/IntWrapper.class
  com/robertx22/library_of_exile/command_wrapper/LiteralWrapper.class
  com/robertx22/library_of_exile/command_wrapper/PermWrapper.class
  com/robertx22/library_of_exile/command_wrapper/PlayerWrapper.class
  com/robertx22/library_of_exile/command_wrapper/RegistryTypeWrapper.class
  com/robertx22/library_of_exile/command_wrapper/RegistryWrapper.class
  com/robertx22/library_of_exile/command_wrapper/StringWrapper$1.class
  com/robertx22/library_of_exile/command_wrapper/StringWrapper.class
  com/robertx22/library_of_exile/components/
  com/robertx22/library_of_exile/components/AllMapConnectionData$Data.class
  com/robertx22/library_of_exile/components/AllMapConnectionData.class
  com/robertx22/library_of_exile/components/BlockData.class
  com/robertx22/library_of_exile/components/DelayedTeleportData.class
  com/robertx22/library_of_exile/components/EntityDmgStatsData.class
  com/robertx22/library_of_exile/components/EntityInfoComponent$1.class
  com/robertx22/library_of_exile/components/EntityInfoComponent$DefaultImpl.class
  com/robertx22/library_of_exile/components/EntityInfoComponent$IEntityInfo.class
  com/robertx22/library_of_exile/components/EntityInfoComponent.class
  com/robertx22/library_of_exile/components/ICap.class
  com/robertx22/library_of_exile/components/LibChunkCap$1.class
  com/robertx22/library_of_exile/components/LibChunkCap.class
  com/robertx22/library_of_exile/components/LibMapCap$1.class
  com/robertx22/library_of_exile/components/LibMapCap.class
  com/robertx22/library_of_exile/components/LibMapData.class
  com/robertx22/library_of_exile/components/LibMapDataSaver.class
  com/robertx22/library_of_exile/components/MapChunkData.class
  com/robertx22/library_of_exile/components/MapConnectionsCap$1.class
  com/robertx22/library_of_exile/components/MapConnectionsCap.class
  com/robertx22/library_of_exile/components/MySpawnReason.class
  com/robertx22/library_of_exile/components/OnMobDamaged.class
  com/robertx22/library_of_exile/components/PlayerCapabilities.class
  com/robertx22/library_of_exile/components/PlayerDataCapability$1.class
  com/robertx22/library_of_exile/components/PlayerDataCapability.class
  com/robertx22/library_of_exile/config/
  com/robertx22/library_of_exile/config/map_dimension/
  com/robertx22/library_of_exile/config/map_dimension/ChunkProcessType.class
  com/robertx22/library_of_exile/config/map_dimension/MapDimensionConfig.class
  com/robertx22/library_of_exile/config/map_dimension/MapDimensionConfigDefaults.class
  com/robertx22/library_of_exile/config/map_dimension/MapGameRules.class
  com/robertx22/library_of_exile/config/map_dimension/MapRegisterBuilder.class
  com/robertx22/library_of_exile/config/map_dimension/MapWorldBorder.class
  com/robertx22/library_of_exile/config/map_dimension/ProcessMapChunks.class
  com/robertx22/library_of_exile/custom_ser/
  com/robertx22/library_of_exile/custom_ser/CustomSerializer.class
  com/robertx22/library_of_exile/custom_ser/GsonCustomSer.class
  com/robertx22/library_of_exile/custom_ser/ICustomSer.class
  com/robertx22/library_of_exile/database/
  com/robertx22/library_of_exile/database/affix/
  com/robertx22/library_of_exile/database/affix/LibAffixesHolder.class
  com/robertx22/library_of_exile/database/affix/apply_strat/
  com/robertx22/library_of_exile/database/affix/apply_strat/ApplyStrategy.class
  com/robertx22/library_of_exile/database/affix/apply_strat/AttributeApplyStrategy.class
  com/robertx22/library_of_exile/database/affix/apply_strat/PotionApplyStrategy.class
  com/robertx22/library_of_exile/database/affix/base/
  com/robertx22/library_of_exile/database/affix/base/AffixTranslation.class
  com/robertx22/library_of_exile/database/affix/base/ExileAffixData.class
  com/robertx22/library_of_exile/database/affix/base/GrabMobAffixesEvent.class
  com/robertx22/library_of_exile/database/affix/base/MobAffixEvents.class
  com/robertx22/library_of_exile/database/affix/types/
  com/robertx22/library_of_exile/database/affix/types/AffixNumberRange.class
  com/robertx22/library_of_exile/database/affix/types/AttributeMobAffix$1.class
  com/robertx22/library_of_exile/database/affix/types/AttributeMobAffix$Data.class
  com/robertx22/library_of_exile/database/affix/types/AttributeMobAffix$Lazy.class
  com/robertx22/library_of_exile/database/affix/types/AttributeMobAffix.class
  com/robertx22/library_of_exile/database/affix/types/CustomLogicMobAffix.class
  com/robertx22/library_of_exile/database/affix/types/ExileMobAffix$Affects$1.class
  com/robertx22/library_of_exile/database/affix/types/ExileMobAffix$Affects$2.class
  com/robertx22/library_of_exile/database/affix/types/ExileMobAffix$Affects.class
  com/robertx22/library_of_exile/database/affix/types/ExileMobAffix.class
  com/robertx22/library_of_exile/database/affix/types/PotionMobAffix$Data.class
  com/robertx22/library_of_exile/database/affix/types/PotionMobAffix.class
  com/robertx22/library_of_exile/database/extra_map_content/
  com/robertx22/library_of_exile/database/extra_map_content/LibMapContents.class
  com/robertx22/library_of_exile/database/extra_map_content/MapContent.class
  com/robertx22/library_of_exile/database/init/
  com/robertx22/library_of_exile/database/init/ExileCustomSers.class
  com/robertx22/library_of_exile/database/init/LibDatabase.class
  com/robertx22/library_of_exile/database/init/PredeterminedRandomEvent.class
  com/robertx22/library_of_exile/database/init/PredeterminedResult.class
  com/robertx22/library_of_exile/database/league/
  com/robertx22/library_of_exile/database/league/EmptyLeague.class
  com/robertx22/library_of_exile/database/league/League.class
  com/robertx22/library_of_exile/database/league/LibLeagues.class
  com/robertx22/library_of_exile/database/map_data_block/
  com/robertx22/library_of_exile/database/map_data_block/LibMapDataBlocks.class
  com/robertx22/library_of_exile/database/map_data_block/MapBlockCtx.class
  com/robertx22/library_of_exile/database/map_data_block/MapBlockTags.class
  com/robertx22/library_of_exile/database/map_data_block/MapDataBlock.class
  com/robertx22/library_of_exile/database/map_data_block/all/
  com/robertx22/library_of_exile/database/map_data_block/all/EmptyMBlock.class
  com/robertx22/library_of_exile/database/map_data_block/all/MobMB.class
  com/robertx22/library_of_exile/database/map_data_block/all/SetBlockMB.class
  com/robertx22/library_of_exile/database/map_finish_rarity/
  com/robertx22/library_of_exile/database/map_finish_rarity/LibMapFinishRarities.class
  com/robertx22/library_of_exile/database/map_finish_rarity/MapFinishRarity.class
  com/robertx22/library_of_exile/database/map_finish_rarity/MapFinishRarityBuilder.class
  com/robertx22/library_of_exile/database/mob_list/
  com/robertx22/library_of_exile/database/mob_list/LibMobLists.class
  com/robertx22/library_of_exile/database/mob_list/MobEntry.class
  com/robertx22/library_of_exile/database/mob_list/MobList.class
  com/robertx22/library_of_exile/database/mob_list/MobListTag.class
  com/robertx22/library_of_exile/database/mob_list/MobListTags.class
  com/robertx22/library_of_exile/database/mob_list/MobListTagsHolder.class
  com/robertx22/library_of_exile/database/relic/
  com/robertx22/library_of_exile/database/relic/affix/
  com/robertx22/library_of_exile/database/relic/affix/EmptyRelicAffix.class
  com/robertx22/library_of_exile/database/relic/affix/LibRelicAffixes.class
  com/robertx22/library_of_exile/database/relic/affix/RelicAffix.class
  com/robertx22/library_of_exile/database/relic/relic_rarity/
  com/robertx22/library_of_exile/database/relic/relic_rarity/BaseRarityData.class
  com/robertx22/library_of_exile/database/relic/relic_rarity/LibRelicRarities.class
  com/robertx22/library_of_exile/database/relic/relic_rarity/RelicRarity.class
  com/robertx22/library_of_exile/database/relic/relic_type/
  com/robertx22/library_of_exile/database/relic/relic_type/EmptyRelicType.class
  com/robertx22/library_of_exile/database/relic/relic_type/LibRelicTypes.class
  com/robertx22/library_of_exile/database/relic/relic_type/RelicItem.class
  com/robertx22/library_of_exile/database/relic/relic_type/RelicType.class
  com/robertx22/library_of_exile/database/relic/relic_type/RelicTypeIds.class
  com/robertx22/library_of_exile/database/relic/stat/
  com/robertx22/library_of_exile/database/relic/stat/ContentWeightRS.class
  com/robertx22/library_of_exile/database/relic/stat/EmptyRelicStat.class
  com/robertx22/library_of_exile/database/relic/stat/ExactRelicStat.class
  com/robertx22/library_of_exile/database/relic/stat/ExtraContentRS$Data.class
  com/robertx22/library_of_exile/database/relic/stat/ExtraContentRS$Type.class
  com/robertx22/library_of_exile/database/relic/stat/ExtraContentRS.class
  com/robertx22/library_of_exile/database/relic/stat/LibRelicStats.class
  com/robertx22/library_of_exile/database/relic/stat/ManualRelicStat.class
  com/robertx22/library_of_exile/database/relic/stat/RelicMod.class
  com/robertx22/library_of_exile/database/relic/stat/RelicStat.class
  com/robertx22/library_of_exile/database/relic/stat/RelicStatsContainer$InCalc.class
  com/robertx22/library_of_exile/database/relic/stat/RelicStatsContainer.class
  com/robertx22/library_of_exile/deferred/
  com/robertx22/library_of_exile/deferred/RegObj.class
  com/robertx22/library_of_exile/dimension/
  com/robertx22/library_of_exile/dimension/CurrentLeague.class
  com/robertx22/library_of_exile/dimension/DefaultTeleportBackBlock.class
  com/robertx22/library_of_exile/dimension/MapChunkGenEvent.class
  com/robertx22/library_of_exile/dimension/MapChunkGenerator.class
  com/robertx22/library_of_exile/dimension/MapChunkGens.class
  com/robertx22/library_of_exile/dimension/MapContentType.class
  com/robertx22/library_of_exile/dimension/MapDataFinder$Pos.class
  com/robertx22/library_of_exile/dimension/MapDataFinder.class
  com/robertx22/library_of_exile/dimension/MapDimensionInfo$1.class
  com/robertx22/library_of_exile/dimension/MapDimensionInfo.class
  com/robertx22/library_of_exile/dimension/MapDimensions.class
  com/robertx22/library_of_exile/dimension/MapGenEvents.class
  com/robertx22/library_of_exile/dimension/MapGenerationUTIL.class
  com/robertx22/library_of_exile/dimension/MobValidator.class
  com/robertx22/library_of_exile/dimension/WipeDimensionFeature$Dir.class
  com/robertx22/library_of_exile/dimension/WipeDimensionFeature.class
  com/robertx22/library_of_exile/dimension/structure/
  com/robertx22/library_of_exile/dimension/structure/MapStructure.class
  com/robertx22/library_of_exile/dimension/structure/SimplePrebuiltMapData.class
  com/robertx22/library_of_exile/dimension/structure/SimplePrebuiltMapStructure.class
  com/robertx22/library_of_exile/dimension/structure/dungeon/
  com/robertx22/library_of_exile/dimension/structure/dungeon/BuiltDungeon.class
  com/robertx22/library_of_exile/dimension/structure/dungeon/BuiltRoom.class
  com/robertx22/library_of_exile/dimension/structure/dungeon/ChunkProcessData.class
  com/robertx22/library_of_exile/dimension/structure/dungeon/DungeonBuilder$Settings.class
  com/robertx22/library_of_exile/dimension/structure/dungeon/DungeonBuilder.class
  com/robertx22/library_of_exile/dimension/structure/dungeon/DungeonData.class
  com/robertx22/library_of_exile/dimension/structure/dungeon/DungeonRoom.class
  com/robertx22/library_of_exile/dimension/structure/dungeon/DungeonRoomPlacer.class
  com/robertx22/library_of_exile/dimension/structure/dungeon/DungeonStructure.class
  com/robertx22/library_of_exile/dimension/structure/dungeon/IDungeon.class
  com/robertx22/library_of_exile/dimension/structure/dungeon/RoomRotation.class
  com/robertx22/library_of_exile/dimension/structure/dungeon/RoomSide.class
  com/robertx22/library_of_exile/dimension/structure/dungeon/RoomSides.class
  com/robertx22/library_of_exile/dimension/structure/dungeon/RoomType$1.class
  com/robertx22/library_of_exile/dimension/structure/dungeon/RoomType$2.class
  com/robertx22/library_of_exile/dimension/structure/dungeon/RoomType$3.class
  com/robertx22/library_of_exile/dimension/structure/dungeon/RoomType$4.class
  com/robertx22/library_of_exile/dimension/structure/dungeon/RoomType$5.class
  com/robertx22/library_of_exile/dimension/structure/dungeon/RoomType$6.class
  com/robertx22/library_of_exile/dimension/structure/dungeon/RoomType.class
  com/robertx22/library_of_exile/dimension/structure/dungeon/UnbuiltRoom.class
  com/robertx22/library_of_exile/dimension/teleport/
  com/robertx22/library_of_exile/dimension/teleport/MapTeleportType.class
  com/robertx22/library_of_exile/dimension/teleport/SavedPlayerMapTeleports.class
  com/robertx22/library_of_exile/dimension/teleport/SavedTeleportPos.class
  com/robertx22/library_of_exile/dimension/worlddata/
  com/robertx22/library_of_exile/dimension/worlddata/MapPlayerDataSaver.class
  com/robertx22/library_of_exile/dimension/worlddata/MapStructureCounter.class
  com/robertx22/library_of_exile/entries/
  com/robertx22/library_of_exile/entries/TeleportBackBlock.class
  com/robertx22/library_of_exile/events/
  com/robertx22/library_of_exile/events/ExileLibEvents.class
  com/robertx22/library_of_exile/events/OnTeleportToLeagueEvent.class
  com/robertx22/library_of_exile/events/base/
  com/robertx22/library_of_exile/events/base/ClientExileEvents.class
  com/robertx22/library_of_exile/events/base/EventConsumer.class
  com/robertx22/library_of_exile/events/base/ExileEvent.class
  com/robertx22/library_of_exile/events/base/ExileEventCaller.class
  com/robertx22/library_of_exile/events/base/ExileEvents$AfterDatabaseLoaded.class
  com/robertx22/library_of_exile/events/base/ExileEvents$DatapackGsonAdapterEvent.class
  com/robertx22/library_of_exile/events/base/ExileEvents$DungeonDataBlockPlaced.class
  com/robertx22/library_of_exile/events/base/ExileEvents$GrabLibMapData.class
  com/robertx22/library_of_exile/events/base/ExileEvents$IsEntityKilledValid.class
  com/robertx22/library_of_exile/events/base/ExileEvents$OnCheckIsDevToolsRunning.class
  com/robertx22/library_of_exile/events/base/ExileEvents$OnChestLooted.class
  com/robertx22/library_of_exile/events/base/ExileEvents$OnDamageEntity.class
  com/robertx22/library_of_exile/events/base/ExileEvents$OnEntityTick.class
  com/robertx22/library_of_exile/events/base/ExileEvents$OnMobDeath.class
  com/robertx22/library_of_exile/events/base/ExileEvents$OnMobExpDrop.class
  com/robertx22/library_of_exile/events/base/ExileEvents$OnMobKilledByPlayer.class
  com/robertx22/library_of_exile/events/base/ExileEvents$OnPlayerDeath.class
  com/robertx22/library_of_exile/events/base/ExileEvents$OnPlayerLogin.class
  com/robertx22/library_of_exile/events/base/ExileEvents$OnProcessChunkData.class
  com/robertx22/library_of_exile/events/base/ExileEvents$OnProcessMapDataBlock.class
  com/robertx22/library_of_exile/events/base/ExileEvents$OnRegisterToDatabase.class
  com/robertx22/library_of_exile/events/base/ExileEvents$OnSetupLootChance.class
  com/robertx22/library_of_exile/events/base/ExileEvents$PlayerMineFarmableBlockEvent.class
  com/robertx22/library_of_exile/events/base/ExileEvents$PlayerMineOreEvent.class
  com/robertx22/library_of_exile/events/base/ExileEvents.class
  com/robertx22/library_of_exile/gson_wrappers/
  com/robertx22/library_of_exile/gson_wrappers/DatabaseID.class
  com/robertx22/library_of_exile/gson_wrappers/GsonAdapter.class
  com/robertx22/library_of_exile/gui/
  com/robertx22/library_of_exile/gui/HelpButton.class
  com/robertx22/library_of_exile/gui/ItemSlotButton.class
  com/robertx22/library_of_exile/localization/
  com/robertx22/library_of_exile/localization/ExileLangFile.class
  com/robertx22/library_of_exile/localization/ExileTranslation.class
  com/robertx22/library_of_exile/localization/ITranslated.class
  com/robertx22/library_of_exile/localization/TranslationBuilder.class
  com/robertx22/library_of_exile/localization/TranslationKeyBuilder.class
  com/robertx22/library_of_exile/localization/TranslationKeyPrefix.class
  com/robertx22/library_of_exile/localization/TranslationType.class
  com/robertx22/library_of_exile/main/
  com/robertx22/library_of_exile/main/ApiForgeEvents.class
  com/robertx22/library_of_exile/main/Capabilities.class
  com/robertx22/library_of_exile/main/ClientInit.class
  com/robertx22/library_of_exile/main/CommonInit$1.class
  com/robertx22/library_of_exile/main/CommonInit.class
  com/robertx22/library_of_exile/main/ExileLibEntries.class
  com/robertx22/library_of_exile/main/ExileLog.class
  com/robertx22/library_of_exile/main/LibDataGen.class
  com/robertx22/library_of_exile/main/LibLootTables.class
  com/robertx22/library_of_exile/main/LibModConstructor.class
  com/robertx22/library_of_exile/main/LibWords.class
  com/robertx22/library_of_exile/main/LibraryOfExile.class
  com/robertx22/library_of_exile/main/MyPacket.class
  com/robertx22/library_of_exile/main/Packets.class
  com/robertx22/library_of_exile/main/Ref$DungeonRealm.class
  com/robertx22/library_of_exile/main/Ref$Harvest.class
  com/robertx22/library_of_exile/main/Ref$Obelisks.class
  com/robertx22/library_of_exile/main/Ref.class
  com/robertx22/library_of_exile/mixin_methods/
  com/robertx22/library_of_exile/mixin_methods/ChestGenLootMixin.class
  com/robertx22/library_of_exile/mixin_methods/OnBlockDropFarming.class
  com/robertx22/library_of_exile/mixin_methods/OnBlockDropMining.class
  com/robertx22/library_of_exile/mixins/
  com/robertx22/library_of_exile/mixins/ChestLootGenMixin.class
  com/robertx22/library_of_exile/mixins/CommandsMixin.class
  com/robertx22/library_of_exile/mixins/EntityMixin.class
  com/robertx22/library_of_exile/mixins/ItemStackMixin.class
  com/robertx22/library_of_exile/mixins/LevelMixin.class
  com/robertx22/library_of_exile/mixins/LivingEntityMixin.class
  com/robertx22/library_of_exile/mixins/MobEntityMixin.class
  com/robertx22/library_of_exile/mixins/PlayerManagerMixin.class
  com/robertx22/library_of_exile/mixins/ServerPlayerMixin.class
  com/robertx22/library_of_exile/packets/
  com/robertx22/library_of_exile/packets/ExilePacketContext.class
  com/robertx22/library_of_exile/packets/RequestTilePacket.class
  com/robertx22/library_of_exile/packets/SyncPlayerCapToClient.class
  com/robertx22/library_of_exile/packets/TileUpdatePacket.class
  com/robertx22/library_of_exile/packets/defaults/
  com/robertx22/library_of_exile/packets/defaults/EntityPacket.class
  com/robertx22/library_of_exile/packets/defaults/EntityPacketOnClient.class
  com/robertx22/library_of_exile/packets/particles/
  com/robertx22/library_of_exile/packets/particles/ParticleEnum$1.class
  com/robertx22/library_of_exile/packets/particles/ParticleEnum$2.class
  com/robertx22/library_of_exile/packets/particles/ParticleEnum$3.class
  com/robertx22/library_of_exile/packets/particles/ParticleEnum$4.class
  com/robertx22/library_of_exile/packets/particles/ParticleEnum$5.class
  com/robertx22/library_of_exile/packets/particles/ParticleEnum.class
  com/robertx22/library_of_exile/packets/particles/ParticlePacket.class
  com/robertx22/library_of_exile/packets/particles/ParticlePacketData.class
  com/robertx22/library_of_exile/packets/registry/
  com/robertx22/library_of_exile/packets/registry/EfficientRegistryPacket.class
  com/robertx22/library_of_exile/packets/registry/TellClientToRegisterFromPackets.class
  com/robertx22/library_of_exile/recipe/
  com/robertx22/library_of_exile/recipe/ConditionalRecipeData.class
  com/robertx22/library_of_exile/recipe/RecipeGenerator.class
  com/robertx22/library_of_exile/registers/
  com/robertx22/library_of_exile/registers/PacketChannel.class
  com/robertx22/library_of_exile/registers/client/
  com/robertx22/library_of_exile/registers/client/S2CPacketRegister.class
  com/robertx22/library_of_exile/registers/common/
  com/robertx22/library_of_exile/registers/common/C2SPacketRegister.class
  com/robertx22/library_of_exile/registry/
  com/robertx22/library_of_exile/registry/BaseDatapackGenerator.class
  com/robertx22/library_of_exile/registry/DataGenKey.class
  com/robertx22/library_of_exile/registry/Database.class
  com/robertx22/library_of_exile/registry/ExileDatapackGenerator.class
  com/robertx22/library_of_exile/registry/ExileRegistry.class
  com/robertx22/library_of_exile/registry/ExileRegistryContainer.class
  com/robertx22/library_of_exile/registry/ExileRegistryEvent.class
  com/robertx22/library_of_exile/registry/ExileRegistryEventClass.class
  com/robertx22/library_of_exile/registry/ExileRegistryInit.class
  com/robertx22/library_of_exile/registry/ExileRegistryType.class
  com/robertx22/library_of_exile/registry/FilterListWrap.class
  com/robertx22/library_of_exile/registry/IAutoGson.class
  com/robertx22/library_of_exile/registry/IGUID.class
  com/robertx22/library_of_exile/registry/IWeighted.class
  com/robertx22/library_of_exile/registry/JsonExileRegistry.class
  com/robertx22/library_of_exile/registry/LazyRegistarInfo.class
  com/robertx22/library_of_exile/registry/RegisterJsonReloads.class
  com/robertx22/library_of_exile/registry/RegistryPackets.class
  com/robertx22/library_of_exile/registry/SyncTime$1.class
  com/robertx22/library_of_exile/registry/SyncTime$2.class
  com/robertx22/library_of_exile/registry/SyncTime.class
  com/robertx22/library_of_exile/registry/helpers/
  com/robertx22/library_of_exile/registry/helpers/ExileCached$1.class
  com/robertx22/library_of_exile/registry/helpers/ExileCached.class
  com/robertx22/library_of_exile/registry/helpers/ExileDatabaseInit.class
  com/robertx22/library_of_exile/registry/helpers/ExileKey$1.class
  com/robertx22/library_of_exile/registry/helpers/ExileKey.class
  com/robertx22/library_of_exile/registry/helpers/ExileKeyHolder$ItemCreator.class
  com/robertx22/library_of_exile/registry/helpers/ExileKeyHolder$ItemIdProvider.class
  com/robertx22/library_of_exile/registry/helpers/ExileKeyHolder$ItemRegistratorData.class
  com/robertx22/library_of_exile/registry/helpers/ExileKeyHolder.class
  com/robertx22/library_of_exile/registry/helpers/ExileKeyHolderSection.class
  com/robertx22/library_of_exile/registry/helpers/ExileKeyMap.class
  com/robertx22/library_of_exile/registry/helpers/IdKey.class
  com/robertx22/library_of_exile/registry/helpers/KeyInfo.class
  com/robertx22/library_of_exile/registry/helpers/NamedKey.class
  com/robertx22/library_of_exile/registry/helpers/OrderedModConstructor$1.class
  com/robertx22/library_of_exile/registry/helpers/OrderedModConstructor.class
  com/robertx22/library_of_exile/registry/loaders/
  com/robertx22/library_of_exile/registry/loaders/BaseDataPackLoader$LoaderType.class
  com/robertx22/library_of_exile/registry/loaders/BaseDataPackLoader.class
  com/robertx22/library_of_exile/registry/register_info/
  com/robertx22/library_of_exile/registry/register_info/ClientSyncRegistration.class
  com/robertx22/library_of_exile/registry/register_info/ExileRegistrationInfo.class
  com/robertx22/library_of_exile/registry/register_info/FromDatapackRegistration.class
  com/robertx22/library_of_exile/registry/register_info/HardcodedRegistration.class
  com/robertx22/library_of_exile/registry/register_info/ModRequiredRegisterInfo.class
  com/robertx22/library_of_exile/registry/register_info/RegistrationInfoData.class
  com/robertx22/library_of_exile/registry/register_info/SeriazableRegistration.class
  com/robertx22/library_of_exile/registry/serialization/
  com/robertx22/library_of_exile/registry/serialization/IGson.class
  com/robertx22/library_of_exile/registry/serialization/ISerializable.class
  com/robertx22/library_of_exile/registry/serialization/ISerializablePart.class
  com/robertx22/library_of_exile/registry/serialization/MyGSON.class
  com/robertx22/library_of_exile/registry/util/
  com/robertx22/library_of_exile/registry/util/ExileExtraData.class
  com/robertx22/library_of_exile/registry/util/ExileExtraDatas.class
  com/robertx22/library_of_exile/registry/util/ExileRegistryUtil.class
  com/robertx22/library_of_exile/tags/
  com/robertx22/library_of_exile/tags/ExileTagList.class
  com/robertx22/library_of_exile/tags/ExileTagRequirement$Builder.class
  com/robertx22/library_of_exile/tags/ExileTagRequirement.class
  com/robertx22/library_of_exile/tags/ExileTagRequirementEntry$TagRequirementCheck$1.class
  com/robertx22/library_of_exile/tags/ExileTagRequirementEntry$TagRequirementCheck$2.class
  com/robertx22/library_of_exile/tags/ExileTagRequirementEntry$TagRequirementCheck$3.class
  com/robertx22/library_of_exile/tags/ExileTagRequirementEntry$TagRequirementCheck.class
  com/robertx22/library_of_exile/tags/ExileTagRequirementEntry.class
  com/robertx22/library_of_exile/tags/ITaggable.class
  com/robertx22/library_of_exile/tags/tag_types/
  com/robertx22/library_of_exile/tags/tag_types/RegistryTag.class
  com/robertx22/library_of_exile/tooltip/
  com/robertx22/library_of_exile/tooltip/ExileTooltipOptions.class
  com/robertx22/library_of_exile/tooltip/ExileTooltipUtils$RemoveOption.class
  com/robertx22/library_of_exile/tooltip/ExileTooltipUtils.class
  com/robertx22/library_of_exile/tooltip/TooltipBuilder.class
  com/robertx22/library_of_exile/tooltip/TooltipItem.class
  com/robertx22/library_of_exile/tooltip/order/
  com/robertx22/library_of_exile/tooltip/order/ExileTooltipPart.class
  com/robertx22/library_of_exile/tooltip/order/TooltipOrder.class
  com/robertx22/library_of_exile/tooltip/register/
  com/robertx22/library_of_exile/tooltip/register/ExileTooltipHook.class
  com/robertx22/library_of_exile/tooltip/register/ExileTooltipHooks.class
  com/robertx22/library_of_exile/unidentified/
  com/robertx22/library_of_exile/unidentified/IdentifiableItems$Config.class
  com/robertx22/library_of_exile/unidentified/IdentifiableItems.class
  com/robertx22/library_of_exile/unidentified/IdentifiableItemsClient.class
  com/robertx22/library_of_exile/util/
  com/robertx22/library_of_exile/util/AutoHashClass.class
  com/robertx22/library_of_exile/util/ExplainedResult.class
  com/robertx22/library_of_exile/util/LazyClass.class
  com/robertx22/library_of_exile/util/LazyStaticContainer$1.class
  com/robertx22/library_of_exile/util/LazyStaticContainer.class
  com/robertx22/library_of_exile/util/PointData.class
  com/robertx22/library_of_exile/util/TranslateInfo.class
  com/robertx22/library_of_exile/util/UNICODE.class
  com/robertx22/library_of_exile/util/Weighted.class
  com/robertx22/library_of_exile/util/iTiered.class
  com/robertx22/library_of_exile/util/wiki/
  com/robertx22/library_of_exile/util/wiki/WikiEntry.class
  com/robertx22/library_of_exile/util/wiki/WikiEntryCommands.class
  com/robertx22/library_of_exile/util/wiki/iWikiEntry.class
  com/robertx22/library_of_exile/utils/
  com/robertx22/library_of_exile/utils/AllItemStackSavers.class
  com/robertx22/library_of_exile/utils/CLOC.class
  com/robertx22/library_of_exile/utils/CommandUtils.class
  com/robertx22/library_of_exile/utils/EntityUtils.class
  com/robertx22/library_of_exile/utils/GeometryUtils.class
  com/robertx22/library_of_exile/utils/GuiUtils$PointF.class
  com/robertx22/library_of_exile/utils/GuiUtils.class
  com/robertx22/library_of_exile/utils/ItemstackDataSaver.class
  com/robertx22/library_of_exile/utils/LibClientOnly.class
  com/robertx22/library_of_exile/utils/LoadSave.class
  com/robertx22/library_of_exile/utils/PlayerUtil.class
  com/robertx22/library_of_exile/utils/RGB.class
  com/robertx22/library_of_exile/utils/RandomUtils.class
  com/robertx22/library_of_exile/utils/RenderUtils.class
  com/robertx22/library_of_exile/utils/SavedSound.class
  com/robertx22/library_of_exile/utils/SoundUtils.class
  com/robertx22/library_of_exile/utils/TeleportUtils.class
  com/robertx22/library_of_exile/utils/TextUTIL.class
  com/robertx22/library_of_exile/utils/Watch.class
  com/robertx22/library_of_exile/utils/geometry/
  com/robertx22/library_of_exile/utils/geometry/Circle2d.class
  com/robertx22/library_of_exile/utils/geometry/Circle3d.class
  com/robertx22/library_of_exile/utils/geometry/MyPosition.class
  com/robertx22/library_of_exile/utils/geometry/ShapeHelper.class
  com/robertx22/library_of_exile/utils/geometry/XTimesData.class
  com/robertx22/library_of_exile/vanilla_util/
  com/robertx22/library_of_exile/vanilla_util/VanillaRegistryHelper.class
  com/robertx22/library_of_exile/vanilla_util/VanillaRegistryWrapper.class
  com/robertx22/library_of_exile/vanilla_util/main/
  com/robertx22/library_of_exile/vanilla_util/main/VanillaUTIL.class
  com/robertx22/library_of_exile/wrappers/
  com/robertx22/library_of_exile/wrappers/ExileText$ITranslatable.class
  com/robertx22/library_of_exile/wrappers/ExileText.class
  com/robertx22/orbs_of_crafting/
  com/robertx22/orbs_of_crafting/api/
  com/robertx22/orbs_of_crafting/api/CurrencyTooltip.class
  com/robertx22/orbs_of_crafting/api/OrbEvents$CanBeModified.class
  com/robertx22/orbs_of_crafting/api/OrbEvents$Modify.class
  com/robertx22/orbs_of_crafting/api/OrbEvents.class
  com/robertx22/orbs_of_crafting/lang/
  com/robertx22/orbs_of_crafting/lang/OrbWords.class
  com/robertx22/orbs_of_crafting/main/
  com/robertx22/orbs_of_crafting/main/OrbCommands.class
  com/robertx22/orbs_of_crafting/main/OrbTooltips.class
  com/robertx22/orbs_of_crafting/main/OrbsOfCraftingMain$1.class
  com/robertx22/orbs_of_crafting/main/OrbsOfCraftingMain.class
  com/robertx22/orbs_of_crafting/main/OrbsRef.class
  com/robertx22/orbs_of_crafting/misc/
  com/robertx22/orbs_of_crafting/misc/LocReqContext.class
  com/robertx22/orbs_of_crafting/misc/ModifyResult.class
  com/robertx22/orbs_of_crafting/misc/OnClick$1.class
  com/robertx22/orbs_of_crafting/misc/OnClick$ClickFeature.class
  com/robertx22/orbs_of_crafting/misc/OnClick$Result.class
  com/robertx22/orbs_of_crafting/misc/OnClick.class
  com/robertx22/orbs_of_crafting/misc/ResultItem.class
  com/robertx22/orbs_of_crafting/misc/ShapedRecipeUTIL.class
  com/robertx22/orbs_of_crafting/misc/StackHolder.class
  com/robertx22/orbs_of_crafting/register/
  com/robertx22/orbs_of_crafting/register/CustomSerializers.class
  com/robertx22/orbs_of_crafting/register/ExileCurrency$Builder.class
  com/robertx22/orbs_of_crafting/register/ExileCurrency$ItemModData.class
  com/robertx22/orbs_of_crafting/register/ExileCurrency$PotentialData.class
  com/robertx22/orbs_of_crafting/register/ExileCurrency.class
  com/robertx22/orbs_of_crafting/register/Modifications.class
  com/robertx22/orbs_of_crafting/register/OrbEdits.class
  com/robertx22/orbs_of_crafting/register/Orbs.class
  com/robertx22/orbs_of_crafting/register/Requirements.class
  com/robertx22/orbs_of_crafting/register/mods/
  com/robertx22/orbs_of_crafting/register/mods/DestroyItemMod.class
  com/robertx22/orbs_of_crafting/register/mods/DoNothingItemMod.class
  com/robertx22/orbs_of_crafting/register/mods/base/
  com/robertx22/orbs_of_crafting/register/mods/base/ItemModification$OutcomeType.class
  com/robertx22/orbs_of_crafting/register/mods/base/ItemModification.class
  com/robertx22/orbs_of_crafting/register/mods/base/ItemModificationResult.class
  com/robertx22/orbs_of_crafting/register/mods/base/VanillaItemModSers.class
  com/robertx22/orbs_of_crafting/register/orb_edit/
  com/robertx22/orbs_of_crafting/register/orb_edit/OrbEdit.class
  com/robertx22/orbs_of_crafting/register/reqs/
  com/robertx22/orbs_of_crafting/register/reqs/HasNoEnchantsReq.class
  com/robertx22/orbs_of_crafting/register/reqs/IsAnyReq$Data.class
  com/robertx22/orbs_of_crafting/register/reqs/IsAnyReq.class
  com/robertx22/orbs_of_crafting/register/reqs/IsArmorReq.class
  com/robertx22/orbs_of_crafting/register/reqs/IsDamagedReq.class
  com/robertx22/orbs_of_crafting/register/reqs/IsNoneReq$Data.class
  com/robertx22/orbs_of_crafting/register/reqs/IsNoneReq.class
  com/robertx22/orbs_of_crafting/register/reqs/IsSingleStack.class
  com/robertx22/orbs_of_crafting/register/reqs/ItemReqSers.class
  com/robertx22/orbs_of_crafting/register/reqs/base/
  com/robertx22/orbs_of_crafting/register/reqs/base/ItemRequirement.class
  com/robertx22/orbs_of_crafting/register/reqs/base/ReqSers.class
  com/robertx22/orbs_of_crafting/register/reqs/vanilla/
  com/robertx22/orbs_of_crafting/register/reqs/vanilla/VanillaItemMod.class
  com/robertx22/orbs_of_crafting/register/reqs/vanilla/VanillaRequirement.class
  data/
  data/library_of_exile/
  data/library_of_exile/loot_tables/
  data/library_of_exile/loot_tables/chests/
  data/library_of_exile/loot_tables/chests/tier_1_dungeon.json
  data/library_of_exile/loot_tables/chests/tier_2_dungeon.json
  data/library_of_exile/loot_tables/chests/tier_3_dungeon.json
  data/library_of_exile/loot_tables/chests/tier_4_dungeon.json
  data/library_of_exile/loot_tables/chests/tier_5_dungeon.json
  data/library_of_exile/tags/
  data/library_of_exile/tags/blocks/
  data/library_of_exile/tags/blocks/map_allowed_block_break.json
  data/library_of_exile/tags/blocks/map_disable_block_interact.json
  data/library_of_exile/tags/damage_type/
  data/library_of_exile/tags/damage_type/enviro_damage.json
  data/library_of_exile/tags/items/
  data/library_of_exile/tags/items/banned_map_items.json
  icon.png
  library_of_exile.mixins.json
  library_of_exile.refmap.json
  pack.mcmeta
